--- Start BURT header
Time:     Mon May  28 10:21:35 2015
Login ID: carlino (Terry Carlino,Bldg 85 Rm 116,269-5827,)
Eff  UID: 1171
Group ID: 106
Keywords:
Comments:  Turn on SVT Region 2
Type:     Absolute
Directory
Req File:
--- End BURT header
R2S10B:HVPB_OFF 1 1
R2S10T:HVPB_OFF 1 1
R2S11B:HVPB_OFF 1 1
R2S11T:HVPB_OFF 1 1
R2S12B:HVPB_OFF 1 1
R2S12T:HVPB_OFF 1 1
R2S13B:HVPB_OFF 1 1
R2S13T:HVPB_OFF 1 1
R2S14B:HVPB_OFF 1 1
R2S14T:HVPB_OFF 1 1
R2S1B:HVPB_OFF  1 1
R2S1T:HVPB_OFF  1 1
R2S2B:HVPB_OFF  1 1
R2S2T:HVPB_OFF  1 1
R2S3B:HVPB_OFF  1 1
R2S3T:HVPB_OFF  1 1
R2S4B:HVPB_OFF  1 1
R2S4T:HVPB_OFF  1 1
R2S5B:HVPB_OFF  1 1
R2S5T:HVPB_OFF  1 1
R2S6B:HVPB_OFF  1 1
R2S6T:HVPB_OFF  1 1
R2S7B:HVPB_OFF  1 1
R2S7T:HVPB_OFF  1 1
R2S8B:HVPB_OFF  1 1
R2S8T:HVPB_OFF  1 1
R2S9B:HVPB_OFF  1 1
R2S9T:HVPB_OFF  1 1
