--- Start BURT header
Time:     Mon May  28 10:21:35 2015
Login ID: carlino (Terry Carlino,Bldg 85 Rm 116,269-5827,)
Eff  UID: 1171
Group ID: 106
Keywords:
Comments:  Turn on SVT Region 4
Type:     Absolute
--- End BURT header
R4S10B:HVPB_OFF 1 1
R4S10B:PB_OFF   1 1
R4S10T:HVPB_OFF 1 1
R4S10T:PB_OFF   1 1
R4S11B:HVPB_OFF 1 1
R4S11B:PB_OFF   1 1
R4S11T:HVPB_OFF 1 1
R4S11T:PB_OFF   1 1
R4S12B:HVPB_OFF 1 1
R4S12B:PB_OFF   1 1
R4S12T:HVPB_OFF 1 1
R4S12T:PB_OFF   1 1
R4S13B:HVPB_OFF 1 1
R4S13B:PB_OFF   1 1
R4S13T:HVPB_OFF 1 1
R4S13T:PB_OFF   1 1
R4S14B:HVPB_OFF 1 1
R4S14B:PB_OFF   1 1
R4S14T:HVPB_OFF 1 1
R4S14T:PB_OFF   1 1
R4S15B:HVPB_OFF 1 1
R4S15B:PB_OFF   1 1
R4S15T:HVPB_OFF 1 1
R4S15T:PB_OFF   1 1
R4S16B:HVPB_OFF 1 1
R4S16B:PB_OFF   1 1
R4S16T:HVPB_OFF 1 1
R4S16T:PB_OFF   1 1
R4S17B:HVPB_OFF 1 1
R4S17B:PB_OFF   1 1
R4S17T:HVPB_OFF 1 1
R4S17T:PB_OFF   1 1
R4S18B:HVPB_OFF 1 1
R4S18B:PB_OFF   1 1
R4S18T:HVPB_OFF 1 1
R4S19B:HVPB_OFF 1 1
R4S19B:PB_OFF   1 1
R4S19T:HVPB_OFF 1 1
R4S20T:PB_OFF   1 1
R4S20B:HVPB_OFF 1 1
R4S20B:PB_OFF   1 1
R4S20T:HVPB_OFF 1 1
R4S21B:HVPB_OFF 1 1
R4S21B:PB_OFF   1 1
R4S21T:HVPB_OFF 1 1
R4S21T:PB_OFF   1 1
R4S22B:HVPB_OFF 1 1
R4S22B:PB_OFF   1 1
R4S22T:HVPB_OFF 1 1
R4S22T:PB_OFF   1 1
R4S23B:HVPB_OFF 1 1
R4S23B:PB_OFF   1 1
R4S23T:HVPB_OFF 1 1
R4S23T:PB_OFF   1 1
R4S24B:HVPB_OFF 1 1
R4S24B:PB_OFF   1 1
R4S24T:HVPB_OFF 1 1
R4S24T:PB_OFF   1 1
R4S18T:PB_OFF   1 1
R4S1B:HVPB_OFF  1 1
R4S1B:PB_OFF    1 1
R4S1T:HVPB_OFF  1 1
R4S1T:PB_OFF    1 1
R4S2B:HVPB_OFF  1 1
R4S2B:PB_OFF    1 1
R4S2T:HVPB_OFF  1 1
R4S2T:PB_OFF    1 1
R4S3B:HVPB_OFF  1 1
R4S3B:PB_OFF    1 1
R4S3T:HVPB_OFF  1 1
R4S3T:PB_OFF    1 1
R4S4B:HVPB_OFF  1 1
R4S4B:PB_OFF    1 1
R4S4T:HVPB_OFF  1 1
R4S4T:PB_OFF    1 1
R4S5B:HVPB_OFF  1 1
R4S5B:PB_OFF    1 1
R4S5T:HVPB_OFF  1 1
R4S5T:PB_OFF    1 1
R4S6B:HVPB_OFF  1 1
R4S6B:PB_OFF    1 1
R4S6T:HVPB_OFF  1 1
R4S6T:PB_OFF    1 1
R4S7B:HVPB_OFF  1 1
R4S7B:PB_OFF    1 1
R4S7T:HVPB_OFF  1 1
R4S7T:PB_OFF    1 1
R4S8B:HVPB_OFF  1 1
R4S8B:PB_OFF    1 1
R4S8T:HVPB_OFF  1 1
R4S8T:PB_OFF    1 1
R4S9B:HVPB_OFF  1 1
R4S9B:PB_OFF    1 1
R4S9T:HVPB_OFF  1 1
R4S9T:PB_OFF    1 1
