--- Start BURT header
Time:
Login ID:
Eff  UID:
Group ID:
Keywords:
Comments:  Turn of SVT Region 3
Type:     Absolute
Directory:
Req File:
--- End BURT header
R3S10B:PB_OFF   1 1
R3S10T:PB_OFF   1 1
R3S11B:PB_OFF   1 1
R3S11T:PB_OFF   1 1
R3S12B:PB_OFF   1 1
R3S12T:PB_OFF   1 1
R3S13B:PB_OFF   1 1
R3S13T:PB_OFF   1 1
R3S14B:PB_OFF   1 1
R3S14T:PB_OFF   1 1
R3S15B:PB_OFF   1 1
R3S15T:PB_OFF   1 1
R3S16B:PB_OFF   1 1
R3S16T:PB_OFF   1 1
R3S17B:PB_OFF   1 1
R3S17T:PB_OFF   1 1
R3S18B:PB_OFF   1 1
R3S18T:PB_OFF   1 1
R3S1B:PB_OFF    1 1
R3S1T:PB_OFF    1 1
R3S2B:PB_OFF    1 1
R3S2T:PB_OFF    1 1
R3S3B:PB_OFF    1 1
R3S3T:PB_OFF    1 1
R3S4B:PB_OFF    1 1
R3S4T:PB_OFF    1 1
R3S5B:PB_OFF    1 1
R3S5T:PB_OFF    1 1
R3S6B:PB_OFF    1 1
R3S6T:PB_OFF    1 1
R3S7B:PB_OFF    1 1
R3S7T:PB_OFF    1 1
R3S8B:PB_OFF    1 1
R3S8T:PB_OFF    1 1
R3S9B:PB_OFF    1 1
R3S9T:PB_OFF    1 1
