--- Start BURT header
Time:     Mon May  28 10:21:35 2015
Login ID: carlino (Terry Carlino,Bldg 85 Rm 116,269-5827,)
Eff  UID: 1171
Group ID: 106
Keywords:
Comments:  Turn on SVT Region 1
Type:     Absolute
Directory
Req File:
--- End BURT header
R1S10B:PB_OFF   1 1
R1S10T:PB_OFF   1 1
R1S1B:PB_OFF    1 1
R1S1T:PB_OFF    1 1
R1S2B:PB_OFF    1 1
R1S2T:PB_OFF    1 1
R1S3B:PB_OFF    1 1
R1S3T:PB_OFF    1 1
R1S4B:PB_OFF    1 1
R1S4T:PB_OFF    1 1
R1S5B:PB_OFF    1 1
R1S5T:PB_OFF    1 1
R1S6B:PB_OFF    1 1
R1S6T:PB_OFF    1 1
R1S7B:PB_OFF    1 1
R1S7T:PB_OFF    1 1
R1S8B:PB_OFF    1 1
R1S8T:PB_OFF    1 1
R1S9B:PB_OFF    1 1
R1S9T:PB_OFF    1 1
