--- Start BURT header
Time:     Mon May  28 10:21:35 2015
Login ID: carlino (Terry Carlino,Bldg 85 Rm 116,269-5827,)
Eff  UID: 1171
Group ID: 106
Keywords:
Comments:  Turn on SVT Region 2 LV
Type:     Absolute
Directory
Req File:
--- End BURT header
R2S10B:PB_ON    1 1
R2S10T:PB_ON    1 1
R2S11B:PB_ON    1 1
R2S11T:PB_ON    1 1
R2S12B:PB_ON    1 1
R2S12T:PB_ON    1 1
R2S13B:PB_ON    1 1
R2S13T:PB_ON    1 1
R2S14B:PB_ON    1 1
R2S14T:PB_ON    1 1
R2S1B:PB_ON     1 1
R2S1T:PB_ON     1 1
R2S2B:PB_ON     1 1
R2S2T:PB_ON     1 1
R2S3B:PB_ON     1 1
R2S3T:PB_ON     1 1
R2S4B:PB_ON     1 1
R2S4T:PB_ON     1 1
R2S5B:PB_ON     1 1
R2S5T:PB_ON     1 1
R2S6B:PB_ON     1 1
R2S6T:PB_ON     1 1
R2S7B:PB_ON     1 1
R2S7T:PB_ON     1 1
R2S8B:PB_ON     1 1
R2S8T:PB_ON     1 1
R2S9B:PB_ON     1 1
R2S9T:PB_ON     1 1




























