--- Start BURT header
Time:     Mon May  28 10:21:35 2015
Login ID: carlino (Terry Carlino,Bldg 85 Rm 116,269-5827,)
Eff  UID: 1171
Group ID: 106
Keywords:
Comments:  Turn on SVT LV
Type:     Absolute
Directory
Req File:
--- End BURT header
R1S10B:PB_ON    1 1
R1S10T:PB_ON    1 1
R1S1B:PB_ON     1 1
R1S1T:PB_ON     1 1
R1S2B:PB_ON     1 1
R1S2T:PB_ON     1 1
R1S3B:PB_ON     1 1
R1S3T:PB_ON     1 1
R1S4B:PB_ON     1 1
R1S4T:PB_ON     1 1
R1S5B:PB_ON     1 1
R1S5T:PB_ON     1 1
R1S6B:PB_ON     1 1
R1S6T:PB_ON     1 1
R1S7B:PB_ON     1 1
R1S7T:PB_ON     1 1
R1S8B:PB_ON     1 1
R1S8T:PB_ON     1 1
R1S9B:PB_ON     1 1
R1S9T:PB_ON     1 1
R2S10B:PB_ON    1 1
R2S10T:PB_ON    1 1
R2S11B:PB_ON    1 1
R2S11T:PB_ON    1 1
R2S12B:PB_ON    1 1
R2S12T:PB_ON    1 1
R2S13B:PB_ON    1 1
R2S13T:PB_ON    1 1
R2S14B:PB_ON    1 1
R2S14T:PB_ON    1 1
R2S1B:PB_ON     1 1
R2S1T:PB_ON     1 1
R2S2B:PB_ON     1 1
R2S2T:PB_ON     1 1
R2S3B:PB_ON     1 1
R2S3T:PB_ON     1 1
R2S4B:PB_ON     1 1
R2S4T:PB_ON     1 1
R2S5B:PB_ON     1 1
R2S5T:PB_ON     1 1
R2S6B:PB_ON     1 1
R2S6T:PB_ON     1 1
R2S7B:PB_ON     1 1
R2S7T:PB_ON     1 1
R2S8B:PB_ON     1 1
R2S8T:PB_ON     1 1
R2S9B:PB_ON     1 1
R2S9T:PB_ON     1 1
R3S10B:PB_ON    1 1
R3S10T:PB_ON    1 1
R3S11B:PB_ON    1 1
R3S11T:PB_ON    1 1
R3S12B:PB_ON    1 1
R3S12T:PB_ON    1 1
R3S13B:PB_ON    1 1
R3S13T:PB_ON    1 1
R3S14B:PB_ON    1 1
R3S14T:PB_ON    1 1
R3S15B:PB_ON    1 1
R3S15T:PB_ON    1 1
R3S16B:PB_ON    1 1
R3S16T:PB_ON    1 1
R3S17B:PB_ON    1 1
R3S17T:PB_ON    1 1
R3S18B:PB_ON    1 1
R3S18T:PB_ON    1 1
R3S1B:PB_ON     1 1
R3S1T:PB_ON     1 1
R3S2B:PB_ON     1 1
R3S2T:PB_ON     1 1
R3S3B:PB_ON     1 1
R3S3T:PB_ON     1 1
R3S4B:PB_ON     1 1
R3S4T:PB_ON     1 1
R3S5B:PB_ON     1 1
R3S5T:PB_ON     1 1
R3S6B:PB_ON     1 1
R3S6T:PB_ON     1 1
R3S7B:PB_ON     1 1
R3S7T:PB_ON     1 1
R3S8B:PB_ON     1 1
R3S8T:PB_ON     1 1
R3S9B:PB_ON     1 1
R3S9T:PB_ON     1 1
R4S10B:PB_ON    1 1
R4S10T:PB_ON    1 1
R4S11B:PB_ON    1 1
R4S11T:PB_ON    1 1
R4S12B:PB_ON    1 1
R4S12T:PB_ON    1 1
R4S13B:PB_ON    1 1
R4S13T:PB_ON    1 1
R4S14B:PB_ON    1 1
R4S14T:PB_ON    1 1
R4S15B:PB_ON    1 1
R4S15T:PB_ON    1 1
R4S16B:PB_ON    1 1
R4S16T:PB_ON    1 1
R4S17B:PB_ON    1 1
R4S17T:PB_ON    1 1
R4S18B:PB_ON    1 1
R4S18T:PB_ON    1 1
R4S19B:PB_ON    1 1
R4S19T:PB_ON    1 1
R4S20B:PB_ON    1 1
R4S20T:PB_ON    1 1
R4S21B:PB_ON    1 1
R4S21T:PB_ON    1 1
R4S22B:PB_ON    1 1
R4S22T:PB_ON    1 1
R4S23B:PB_ON    1 1
R4S23T:PB_ON    1 1
R4S24B:PB_ON    1 1
R4S24T:PB_ON    1 1
R4S1B:PB_ON     1 1
R4S1T:PB_ON     1 1
R4S2B:PB_ON     1 1
R4S2T:PB_ON     1 1
R4S3B:PB_ON     1 1
R4S3T:PB_ON     1 1
R4S4B:PB_ON     1 1
R4S4T:PB_ON     1 1
R4S5B:PB_ON     1 1
R4S5T:PB_ON     1 1
R4S6B:PB_ON     1 1
R4S6T:PB_ON     1 1
R4S7B:PB_ON     1 1
R4S7T:PB_ON     1 1
R4S8B:PB_ON     1 1
R4S8T:PB_ON     1 1
R4S9B:PB_ON     1 1
R4S9T:PB_ON     1 1


