--- Start BURT header
Time:     Mon May  28 10:21:35 2015
Login ID: carlino (Terry Carlino,Bldg 85 Rm 116,269-5827,)
Eff  UID: 1171
Group ID: 106
Keywords:
Comments:  Turn of SVT Region 3
Type:     Absolute
Directory
Req File:
--- End BURT header
R3S10B:HVPB_OFF 1 1
R3S10B:PB_OFF   1 1
R3S10T:HVPB_OFF 1 1
R3S10T:PB_OFF   1 1
R3S11B:HVPB_OFF 1 1
R3S11B:PB_OFF   1 1
R3S11T:HVPB_OFF 1 1
R3S11T:PB_OFF   1 1
R3S12B:HVPB_OFF 1 1
R3S12B:PB_OFF   1 1
R3S12T:HVPB_OFF 1 1
R3S12T:PB_OFF   1 1
R3S13B:HVPB_OFF 1 1
R3S13B:PB_OFF   1 1
R3S13T:HVPB_OFF 1 1
R3S13T:PB_OFF   1 1
R3S14B:HVPB_OFF 1 1
R3S14B:PB_OFF   1 1
R3S14T:HVPB_OFF 1 1
R3S14T:PB_OFF   1 1
R3S15B:HVPB_OFF 1 1
R3S15B:PB_OFF   1 1
R3S15T:HVPB_OFF 1 1
R3S15T:PB_OFF   1 1
R3S16B:HVPB_OFF 1 1
R3S16B:PB_OFF   1 1
R3S16T:HVPB_OFF 1 1
R3S16T:PB_OFF   1 1
R3S17B:HVPB_OFF 1 1
R3S17B:PB_OFF   1 1
R3S17T:HVPB_OFF 1 1
R3S17T:PB_OFF   1 1
R3S18B:HVPB_OFF 1 1
R3S18B:PB_OFF   1 1
R3S18T:HVPB_OFF 1 1
R3S18T:PB_OFF   1 1
R3S1B:HVPB_OFF  1 1
R3S1B:PB_OFF    1 1
R3S1T:HVPB_OFF  1 1
R3S1T:PB_OFF    1 1
R3S2B:HVPB_OFF  1 1
R3S2B:PB_OFF    1 1
R3S2T:HVPB_OFF  1 1
R3S2T:PB_OFF    1 1
R3S3B:HVPB_OFF  1 1
R3S3B:PB_OFF    1 1
R3S3T:HVPB_OFF  1 1
R3S3T:PB_OFF    1 1
R3S4B:HVPB_OFF  1 1
R3S4B:PB_OFF    1 1
R3S4T:HVPB_OFF  1 1
R3S4T:PB_OFF    1 1
R3S5B:HVPB_OFF  1 1
R3S5B:PB_OFF    1 1
R3S5T:HVPB_OFF  1 1
R3S5T:PB_OFF    1 1
R3S6B:HVPB_OFF  1 1
R3S6B:PB_OFF    1 1
R3S6T:HVPB_OFF  1 1
R3S6T:PB_OFF    1 1
R3S7B:HVPB_OFF  1 1
R3S7B:PB_OFF    1 1
R3S7T:HVPB_OFF  1 1
R3S7T:PB_OFF    1 1
R3S8B:HVPB_OFF  1 1
R3S8B:PB_OFF    1 1
R3S8T:HVPB_OFF  1 1
R3S8T:PB_OFF    1 1
R3S9B:HVPB_OFF  1 1
R3S9B:PB_OFF    1 1
R3S9T:HVPB_OFF  1 1
R3S9T:PB_OFF    1 1
